../Core/Src/main.c:81:5:main	16	static
../Core/Src/main.c:156:6:SystemClock_Config	88	static
../Core/Src/main.c:203:13:MX_ADC1_Init	24	static
../Core/Src/main.c:255:13:MX_SPI2_Init	8	static
../Core/Src/main.c:293:13:MX_TIM1_Init	96	static
../Core/Src/main.c:380:13:MX_TIM3_Init	56	static
../Core/Src/main.c:429:13:MX_TIM4_Init	56	static
../Core/Src/main.c:478:13:MX_TIM5_Init	64	static
../Core/Src/main.c:537:13:MX_USART3_UART_Init	8	static
../Core/Src/main.c:570:13:MX_GPIO_Init	48	static
../Core/Src/main.c:658:6:Error_Handler	4	static,ignoring_inline_asm
