../Core/Src/main.c:70:5:main	16	static
../Core/Src/main.c:144:6:SystemClock_Config	88	static
../Core/Src/main.c:179:13:MX_ADC1_Init	24	static
../Core/Src/main.c:217:13:MX_SPI2_Init	8	static
../Core/Src/main.c:247:13:MX_TIM1_Init	96	static
../Core/Src/main.c:326:13:MX_TIM3_Init	56	static
../Core/Src/main.c:362:13:MX_TIM4_Init	56	static
../Core/Src/main.c:403:13:MX_TIM5_Init	64	static
../Core/Src/main.c:454:13:MX_TIM6_Init	16	static
../Core/Src/main.c:483:13:MX_USART3_UART_Init	8	static
../Core/Src/main.c:509:13:MX_GPIO_Init	48	static
../Core/Src/main.c:566:6:HAL_TIM_PeriodElapsedCallback	16	static
../Core/Src/main.c:589:6:Error_Handler	4	static,ignoring_inline_asm
