../Core/Src/main.c:70:5:main	5
../Core/Src/main.c:144:6:SystemClock_Config	3
../Core/Src/main.c:179:13:MX_ADC1_Init	3
../Core/Src/main.c:217:13:MX_SPI2_Init	2
../Core/Src/main.c:247:13:MX_TIM1_Init	10
../Core/Src/main.c:326:13:MX_TIM3_Init	3
../Core/Src/main.c:362:13:MX_TIM4_Init	3
../Core/Src/main.c:403:13:MX_TIM5_Init	6
../Core/Src/main.c:454:13:MX_TIM6_Init	2
../Core/Src/main.c:483:13:MX_USART3_UART_Init	2
../Core/Src/main.c:509:13:MX_GPIO_Init	1
../Core/Src/main.c:566:6:HAL_TIM_PeriodElapsedCallback	4
../Core/Src/main.c:589:6:Error_Handler	1
